// Jest Snapshot v1, https://goo.gl/fbAQLP

exports[`Testing <Installments /> component Testing <Installments /> snapshop [Complete] 1`] = `null`;

exports[`Testing <Installments /> component Testing <Installments /> snapshop [Simple] 1`] = `null`;
