// Jest Snapshot v1, https://goo.gl/fbAQLP

exports[`Clearfix should render correctly 1`] = `
<div
  className="clearfix"
/>
`;
